// Vitest Snapshot v1, https://vitest.dev/guide/snapshot.html

exports[`SpotPhotoGallery > matches snapshot with 2 photos 1`] = `
"<div class="mb-10">
  <!-- Single photo -->
  <!-- Two photos: side by side on desktop, stacked on mobile -->
  <div class="grid grid-cols-1 md:grid-cols-2 gap-2">
    <div class="relative overflow-hidden rounded-lg border border-border-subtle/40"><img src="/images/spots/one.webp" srcset="/images/spots/one-thumb.webp 600w, /images/spots/one.webp 1200w" sizes="(max-width: 639px) 600px, 1200px" alt="Photo one.webp" loading="eager" width="1200" height="675" class="w-full aspect-video object-cover">
      <div class="flex items-center gap-1.5 text-xs font-mono absolute bottom-2 right-2 bg-surface-raised/80 backdrop-blur-sm px-2.5 py-1.5 rounded text-ink-3" title="Unsplash License">
        <!-- Camera icon (SVG) --><svg class="w-3 h-3 flex-shrink-0" viewBox="0 0 16 16" fill="none" stroke="currentColor" stroke-width="1.5" stroke-linecap="round" stroke-linejoin="round">
          <path d="M2 5.5a1 1 0 011-1h1.586a1 1 0 00.707-.293L6.5 3h3l1.207 1.207a1 1 0 00.707.293H13a1 1 0 011 1V12a1 1 0 01-1 1H3a1 1 0 01-1-1V5.5z"></path>
          <circle cx="8" cy="8.5" r="2.25"></circle>
        </svg><a href="https://unsplash.com" target="_blank" rel="noopener noreferrer" class="hover:text-ink-2 transition-colors truncate">Photographer</a>
      </div>
    </div>
    <div class="relative overflow-hidden rounded-lg border border-border-subtle/40"><img src="/images/spots/two.webp" srcset="/images/spots/two-thumb.webp 600w, /images/spots/two.webp 1200w" sizes="(max-width: 639px) 600px, 600px" alt="Photo two.webp" loading="lazy" width="1200" height="675" class="w-full aspect-video object-cover">
      <div class="flex items-center gap-1.5 text-xs font-mono absolute bottom-2 right-2 bg-surface-raised/80 backdrop-blur-sm px-2.5 py-1.5 rounded text-ink-3" title="Unsplash License">
        <!-- Camera icon (SVG) --><svg class="w-3 h-3 flex-shrink-0" viewBox="0 0 16 16" fill="none" stroke="currentColor" stroke-width="1.5" stroke-linecap="round" stroke-linejoin="round">
          <path d="M2 5.5a1 1 0 011-1h1.586a1 1 0 00.707-.293L6.5 3h3l1.207 1.207a1 1 0 00.707.293H13a1 1 0 011 1V12a1 1 0 01-1 1H3a1 1 0 01-1-1V5.5z"></path>
          <circle cx="8" cy="8.5" r="2.25"></circle>
        </svg><a href="https://unsplash.com" target="_blank" rel="noopener noreferrer" class="hover:text-ink-2 transition-colors truncate">Photographer</a>
      </div>
    </div>
  </div>
</div>"
`;
